// Jest Snapshot v1, https://goo.gl/fbAQLP

exports[`Our generic JWT decodeAuthorizationHeader lib when supplied with a valid "Bearer <token>" string should receive a decoded JWT object 1`] = `undefined`;
