// Jest Snapshot v1, https://goo.gl/fbAQLP

exports[`Our Dashboard component should render without children 1`] = `[Function]`;
