// Jest Snapshot v1, https://goo.gl/fbAQLP

exports[`Our Debug component should render Auth0 user details 1`] = `[Function]`;
