// Jest Snapshot v1, https://goo.gl/fbAQLP

exports[`The default page should render 1`] = `
<div>
  Loading...
</div>
`;
